<?xml version="1.0" encoding="utf-8"?><testsuites name="pytest tests"><testsuite name="pytest" errors="0" failures="0" skipped="0" tests="89" time="0.660" timestamp="2025-08-17T14:42:03.443019+02:00" hostname="raveriss-NLx0MU"><properties><property name="hypothesis-statistics-tests/test_parser_hypothesis.py::test_parse_random_utf8_does_not_crash" value="dGVzdHMvdGVzdF9wYXJzZXJfaHlwb3RoZXNpcy5weTo6dGVzdF9wYXJzZV9yYW5kb21fdXRmOF9kb2VzX25vdF9jcmFzaDoKCiAgLSBkdXJpbmcgZ2VuZXJhdGUgcGhhc2UgKDAuMDMgc2Vjb25kcyk6CiAgICAtIFR5cGljYWwgcnVudGltZXM6IDwgMW1zLCBvZiB3aGljaCA8IDFtcyBpbiBkYXRhIGdlbmVyYXRpb24KICAgIC0gNTAgcGFzc2luZyBleGFtcGxlcywgMCBmYWlsaW5nIGV4YW1wbGVzLCAwIGludmFsaWQgZXhhbXBsZXMKCiAgLSBTdG9wcGVkIGJlY2F1c2Ugc2V0dGluZ3MubWF4X2V4YW1wbGVzPTUw" /><property name="hypothesis-statistics-tests/test_parser_hypothesis.py::test_parse_random_binary_does_not_crash" value="dGVzdHMvdGVzdF9wYXJzZXJfaHlwb3RoZXNpcy5weTo6dGVzdF9wYXJzZV9yYW5kb21fYmluYXJ5X2RvZXNfbm90X2NyYXNoOgoKICAtIGR1cmluZyBnZW5lcmF0ZSBwaGFzZSAoMC4wNSBzZWNvbmRzKToKICAgIC0gVHlwaWNhbCBydW50aW1lczogPCAxbXMsIG9mIHdoaWNoIDwgMW1zIGluIGRhdGEgZ2VuZXJhdGlvbgogICAgLSA1MCBwYXNzaW5nIGV4YW1wbGVzLCAwIGZhaWxpbmcgZXhhbXBsZXMsIDAgaW52YWxpZCBleGFtcGxlcwoKICAtIFN0b3BwZWQgYmVjYXVzZSBzZXR0aW5ncy5tYXhfZXhhbXBsZXM9NTA=" /><property name="hypothesis-statistics-tests/test_parser_hypothesis.py::test_parse_long_line_always_rejected" value="dGVzdHMvdGVzdF9wYXJzZXJfaHlwb3RoZXNpcy5weTo6dGVzdF9wYXJzZV9sb25nX2xpbmVfYWx3YXlzX3JlamVjdGVkOgoKICAtIGR1cmluZyBnZW5lcmF0ZSBwaGFzZSAoMC4xMyBzZWNvbmRzKToKICAgIC0gVHlwaWNhbCBydW50aW1lczogfiAwLTEgbXMsIG9mIHdoaWNoIDwgMW1zIGluIGRhdGEgZ2VuZXJhdGlvbgogICAgLSAyNSBwYXNzaW5nIGV4YW1wbGVzLCAwIGZhaWxpbmcgZXhhbXBsZXMsIDAgaW52YWxpZCBleGFtcGxlcwoKICAtIFN0b3BwZWQgYmVjYXVzZSBzZXR0aW5ncy5tYXhfZXhhbXBsZXM9MjU=" /></properties><testcase classname="tests.test_cli" name="test_cli_help" file="tests/test_cli.py" line="10" time="0.002" /><testcase classname="tests.test_cli" name="test_cli_invalid_path" file="tests/test_cli.py" line="19" time="0.001" /><testcase classname="tests.test_cli" name="test_cli_invalid_delay" file="tests/test_cli.py" line="25" time="0.002" /><testcase classname="tests.test_cli" name="test_cli_delay_help_text" file="tests/test_cli.py" line="33" time="0.001" /><testcase classname="tests.test_cli" name="test_verifier_cli_help" file="tests/test_cli.py" line="38" time="0.001" /><testcase classname="tests.test_cli" name="test_verifier_cli_valid" file="tests/test_cli.py" line="46" time="0.002" /><testcase classname="tests.test_cli" name="test_verifier_cli_error" file="tests/test_cli.py" line="56" time="0.001" /><testcase classname="tests.test_cli" name="test_verifier_cli_invalid_config" file="tests/test_cli.py" line="66" time="0.001" /><testcase classname="tests.test_cli" name="test_verifier_cli_invalid_config_runtime" file="tests/test_cli.py" line="78" time="0.001" /><testcase classname="tests.test_cli" name="test_cli_valid" file="tests/test_cli.py" line="95" time="0.003" /><testcase classname="tests.test_cli" name="test_cli_lists_all_stocks" file="tests/test_cli.py" line="108" time="0.004" /><testcase classname="tests.test_cli" name="test_cli_header_stock_count" file="tests/test_cli.py" line="122" time="0.003" /><testcase classname="tests.test_cli" name="test_cli_stock_alignment" file="tests/test_cli.py" line="129" time="0.005" /><testcase classname="tests.test_cli" name="test_cli_max_time" file="tests/test_cli.py" line="143" time="0.003" /><testcase classname="tests.test_cli" name="test_cli_deadlock" file="tests/test_cli.py" line="154" time="0.003" /><testcase classname="tests.test_cli" name="test_cli_verbose_and_log" file="tests/test_cli.py" line="163" time="0.002" /><testcase classname="tests.test_cli" name="test_cli_log_default_level" file="tests/test_cli.py" line="185" time="0.002" /><testcase classname="tests.test_cli" name="test_cli_path_traversal" file="tests/test_cli.py" line="194" time="0.001" /><testcase classname="tests.test_cli" name="test_cli_unreadable_file" file="tests/test_cli.py" line="203" time="0.002" /><testcase classname="tests.test_cli" name="test_cli_invalid_config[file0]" file="tests/test_cli.py" line="219" time="0.002" /><testcase classname="tests.test_cli" name="test_cli_invalid_config[file1]" file="tests/test_cli.py" line="219" time="0.001" /><testcase classname="tests.test_cli" name="test_verifier_cli_log" file="tests/test_cli.py" line="234" time="0.002" /><testcase classname="tests.test_cli" name="test_cli_run_resources[ikea-100]" file="tests/test_cli.py" line="247" time="0.003" /><testcase classname="tests.test_cli" name="test_cli_run_resources[steak-100]" file="tests/test_cli.py" line="247" time="0.003" /><testcase classname="tests.test_cli" name="test_cli_run_resources[pomme-100]" file="tests/test_cli.py" line="247" time="0.003" /><testcase classname="tests.test_cli" name="test_cli_run_resources[recre-100]" file="tests/test_cli.py" line="247" time="0.003" /><testcase classname="tests.test_cli" name="test_cli_run_resources[inception-100]" file="tests/test_cli.py" line="247" time="0.006" /><testcase classname="tests.test_cli" name="test_cli_run_resources[custom_finite-100]" file="tests/test_cli.py" line="247" time="0.002" /><testcase classname="tests.test_cli" name="test_cli_run_resources[custom_infinite-5]" file="tests/test_cli.py" line="247" time="0.002" /><testcase classname="tests.test_cli" name="test_cli_partial_execution_small_delay" file="tests/test_cli.py" line="271" time="0.004" /><testcase classname="tests.test_cli" name="test_cli_ignore_delay_when_optimize_time_first" file="tests/test_cli.py" line="285" time="0.003" /><testcase classname="tests.test_display" name="test_format_trace" file="tests/test_display.py" line="5" time="0.000" /><testcase classname="tests.test_display" name="test_save_trace" file="tests/test_display.py" line="10" time="0.002" /><testcase classname="tests.test_display" name="test_save_empty_trace" file="tests/test_display.py" line="17" time="0.002" /><testcase classname="tests.test_parser" name="test_parse_valid_simple" file="tests/test_parser.py" line="8" time="0.001" /><testcase classname="tests.test_parser" name="test_config_all_stock_names" file="tests/test_parser.py" line="15" time="0.001" /><testcase classname="tests.test_parser" name="test_parse_invalid_files[invalid_bad_stock]" file="tests/test_parser.py" line="25" time="0.001" /><testcase classname="tests.test_parser" name="test_parse_invalid_files[invalid_bad_process]" file="tests/test_parser.py" line="25" time="0.001" /><testcase classname="tests.test_parser" name="test_parse_nonexistent_path" file="tests/test_parser.py" line="31" time="0.001" /><testcase classname="tests.test_parser" name="test_parse_duplicate_entries" file="tests/test_parser.py" line="36" time="0.001" /><testcase classname="tests.test_parser" name="test_parse_unrecognized_line" file="tests/test_parser.py" line="49" time="0.001" /><testcase classname="tests.test_parser" name="test_parse_resources_edge_cases" file="tests/test_parser.py" line="56" time="0.000" /><testcase classname="tests.test_parser" name="test_parse_optimize" file="tests/test_parser.py" line="67" time="0.000" /><testcase classname="tests.test_parser" name="test_parse_optimize_errors" file="tests/test_parser.py" line="72" time="0.001" /><testcase classname="tests.test_parser" name="test_internal_parser_functions" file="tests/test_parser.py" line="87" time="0.001" /><testcase classname="tests.test_parser" name="test_parse_non_utf8_file" file="tests/test_parser.py" line="112" time="0.001" /><testcase classname="tests.test_parser" name="test_parse_bom_rejected" file="tests/test_parser.py" line="119" time="0.001" /><testcase classname="tests.test_parser" name="test_parse_crlf_rejected" file="tests/test_parser.py" line="127" time="0.001" /><testcase classname="tests.test_parser" name="test_parse_long_line_rejected" file="tests/test_parser.py" line="135" time="0.001" /><testcase classname="tests.test_parser" name="test_parse_stock_negative" file="tests/test_parser.py" line="153" time="0.000" /><testcase classname="tests.test_parser" name="test_parse_resources_edge_cases_continued" file="tests/test_parser.py" line="158" time="0.000" /><testcase classname="tests.test_parser" name="test_parse_optimize_empty" file="tests/test_parser.py" line="164" time="0.000" /><testcase classname="tests.test_parser" name="test_parse_path_traversal" file="tests/test_parser.py" line="169" time="0.001" /><testcase classname="tests.test_parser" name="test_parse_unreadable_file" file="tests/test_parser.py" line="177" time="0.001" /><testcase classname="tests.test_parser" name="test_parse_unknown_resource" file="tests/test_parser.py" line="193" time="0.001" /><testcase classname="tests.test_parser_hypothesis" name="test_parse_random_utf8_does_not_crash" file="tests/test_parser_hypothesis.py" line="9" time="0.055" /><testcase classname="tests.test_parser_hypothesis" name="test_parse_random_binary_does_not_crash" file="tests/test_parser_hypothesis.py" line="20" time="0.051" /><testcase classname="tests.test_parser_hypothesis" name="test_parse_long_line_always_rejected" file="tests/test_parser_hypothesis.py" line="31" time="0.128" /><testcase classname="tests.test_simulator" name="test_run_simple" file="tests/test_simulator.py" line="8" time="0.002" /><testcase classname="tests.test_simulator" name="test_simple_full_run" file="tests/test_simulator.py" line="21" time="0.001" /><testcase classname="tests.test_simulator" name="test_parallel_processes" file="tests/test_simulator.py" line="35" time="0.000" /><testcase classname="tests.test_simulator" name="test_no_process_possible" file="tests/test_simulator.py" line="51" time="0.000" /><testcase classname="tests.test_simulator" name="test_deadlock_flag" file="tests/test_simulator.py" line="59" time="0.000" /><testcase classname="tests.test_simulator" name="test_optimize_time_priority" file="tests/test_simulator.py" line="70" time="0.000" /><testcase classname="tests.test_simulator" name="test_optimize_stock_priority" file="tests/test_simulator.py" line="84" time="0.000" /><testcase classname="tests.test_simulator" name="test_run_resources[ikea]" file="tests/test_simulator.py" line="98" time="0.001" /><testcase classname="tests.test_simulator" name="test_run_resources[steak]" file="tests/test_simulator.py" line="98" time="0.002" /><testcase classname="tests.test_simulator" name="test_run_resources[pomme]" file="tests/test_simulator.py" line="98" time="0.001" /><testcase classname="tests.test_simulator" name="test_run_resources[recre]" file="tests/test_simulator.py" line="98" time="0.000" /><testcase classname="tests.test_simulator" name="test_run_resources[inception]" file="tests/test_simulator.py" line="98" time="0.002" /><testcase classname="tests.test_simulator" name="test_custom_finite" file="tests/test_simulator.py" line="109" time="0.000" /><testcase classname="tests.test_simulator" name="test_custom_infinite" file="tests/test_simulator.py" line="118" time="0.000" /><testcase classname="tests.test_simulator" name="test_recre_optimal" file="tests/test_simulator.py" line="127" time="0.000" /><testcase classname="tests.test_simulator" name="test_zero_delay_process" file="tests/test_simulator.py" line="144" time="0.000" /><testcase classname="tests.test_verifier" name="test_verify_trace_valid" file="tests/test_verifier.py" line="9" time="0.002" /><testcase classname="tests.test_verifier" name="test_verify_trace_error" file="tests/test_verifier.py" line="19" time="0.001" /><testcase classname="tests.test_verifier" name="test_verify_trace_mismatch" file="tests/test_verifier.py" line="28" time="0.001" /><testcase classname="tests.test_verifier" name="test_verify_trace_empty" file="tests/test_verifier.py" line="35" time="0.000" /><testcase classname="tests.test_verifier" name="test_verify_empty_trace_valid" file="tests/test_verifier.py" line="40" time="0.001" /><testcase classname="tests.test_verifier" name="test_parse_trace_comment" file="tests/test_verifier.py" line="50" time="0.001" /><testcase classname="tests.test_verifier" name="test_verify_empty_trace_with_optimize" file="tests/test_verifier.py" line="56" time="0.001" /><testcase classname="tests.test_verifier" name="test_verify_trace_empty_no_optimize_error" file="tests/test_verifier.py" line="66" time="0.001" /><testcase classname="tests.test_verifier" name="test_parse_trace_errors[]" file="tests/test_verifier.py" line="74" time="0.001" /><testcase classname="tests.test_verifier" name="test_parse_trace_errors[0proc]" file="tests/test_verifier.py" line="74" time="0.001" /><testcase classname="tests.test_verifier" name="test_parse_trace_errors[x:proc]" file="tests/test_verifier.py" line="74" time="0.001" /><testcase classname="tests.test_verifier" name="test_verify_trace_short_and_extra" file="tests/test_verifier.py" line="85" time="0.003" /><testcase classname="tests.test_verifier" name="test_verify_custom_finite" file="tests/test_verifier.py" line="102" time="0.001" /><testcase classname="tests.test_verifier" name="test_verify_custom_infinite" file="tests/test_verifier.py" line="111" time="0.001" /><testcase classname="tests.test_version" name="test_version" file="tests/test_version.py" line="5" time="0.002" /></testsuite></testsuites>